%!Adobe-FontList 1.16
%Locale:0x409

%BeginFont
Handler:DirectoryHandler
FontType:Type1
FontName:FranklinGothic-Roman
FamilyName:Franklin Gothic
StyleName:No. 2 Roman
MenuName:Franklin Gothic No.2
StyleBits:0
WeightClass:400
WidthClass:5
AngleClass:0
FullName:18 Franklin Gothic #2 Roman   05102
WritingScript:Roman
OutlineFileName:\FrankGotRom
DataFormat:POSTResource
UsesStandardEncoding:yes
isCFF:no
FileLength:36498
FileModTime:612576000
DesignSize:-1
%EndFont

%BeginFont
Handler:DirectoryHandler
FontType:Suitcase
FontName:FranklinGothic-Roman
OutlineFileName:\Franklin Gothic
ResourceID:14539
MacStyle:0
FileLength:20153
FileModTime:1140774406
%EndFont

%BeginFont
Handler:DirectoryHandler
FontType:Suitcase
FontName:FranklinGothic-ExtraCond
OutlineFileName:\Franklin Gothic
ResourceID:14540
MacStyle:0
FileLength:20153
FileModTime:1140774406
%EndFont

%BeginFont
Handler:DirectoryHandler
FontType:Suitcase
FontName:FranklinGothic-Condensed
OutlineFileName:\Franklin Gothic
ResourceID:14541
MacStyle:0
FileLength:20153
FileModTime:1140774406
%EndFont

%BeginFont
Handler:DirectoryHandler
FontType:Suitcase
FontName:HadrianBold
OutlineFileName:\Hadrian.t1
ResourceID:9873
MacStyle:0
FileLength:6020
FileModTime:823669096
%EndFont

%BeginFont
Handler:DirectoryHandler
FontType:Type1
FontName:HadrianBold
FamilyName:Hadrian
StyleName:Bold
MenuName:HadrianBold
StyleBits:2
WeightClass:700
WidthClass:5
AngleClass:0
FullName:HadrianBold
WritingScript:Roman
OutlineFileName:\HadriBol
DataFormat:POSTResource
UsesStandardEncoding:yes
isCFF:no
FileLength:22096
FileModTime:654716948
DesignSize:-1
%EndFont

%BeginFont
Handler:DirectoryHandler
FontType:Type1
FontName:MinionPro-Regular
FamilyName:Minion Pro
StyleName:Regular
MenuName:Minion Pro
StyleBits:0
WeightClass:400
WidthClass:5
AngleClass:0
FullName:Minion Pro
WritingScript:Roman
OutlineFileName:\MinionPro-Regular.otf
DataFormat:sfntData
UsesStandardEncoding:yes
isCFF:yes
FileLength:231312
FileModTime:1365009146
DesignSize:110
NameArray:0,Mac,4,Minion Pro
NameArray:0,Win,1,Minion Pro
%EndFont

%BeginFont
Handler:DirectoryHandler
FontType:Type1
FontName:TradeGothic
FamilyName:Trade Gothic
StyleName:Medium
MenuName:TradeGothic
StyleBits:0
WeightClass:400
WidthClass:5
AngleClass:0
FullName:Trade Gothic
WritingScript:Roman
OutlineFileName:\TradeGot
DataFormat:POSTResource
UsesStandardEncoding:yes
isCFF:no
FileLength:27738
FileModTime:634806002
DesignSize:-1
%EndFont

%BeginFont
Handler:DirectoryHandler
FontType:Type1
FontName:TradeGothic-BoldTwo
FamilyName:Trade Gothic
StyleName:Bold No. 2
MenuName:TradeGothic
StyleBits:2
WeightClass:700
WidthClass:5
AngleClass:0
FullName:Trade Gothic Bold No. 2
WritingScript:Roman
OutlineFileName:\TradeGotBolTwo
DataFormat:POSTResource
UsesStandardEncoding:yes
isCFF:no
FileLength:29296
FileModTime:634805988
DesignSize:-1
%EndFont

%BeginFont
Handler:DirectoryHandler
FontType:Type1
FontName:TradeGothic-CondEighteen
FamilyName:Trade Gothic
StyleName:Condensed No. 18
MenuName:TradeGothic CondEighteen
StyleBits:0
WeightClass:400
WidthClass:3
AngleClass:0
FullName:Trade Gothic Condensed No. 18
WritingScript:Roman
OutlineFileName:\TradeGotConEig
DataFormat:POSTResource
UsesStandardEncoding:yes
isCFF:no
FileLength:28780
FileModTime:629095130
DesignSize:-1
%EndFont

%BeginFont
Handler:DirectoryHandler
FontType:Suitcase
FontName:TradeGothic-Light
OutlineFileName:\TradeGothic.t1
ResourceID:13173
MacStyle:0
FileLength:122328
FileModTime:823669390
%EndFont

%BeginFont
Handler:DirectoryHandler
FontType:Suitcase
FontName:TradeGothic-LightOblique
OutlineFileName:\TradeGothic.t1
ResourceID:13173
MacStyle:2
FileLength:122328
FileModTime:823669390
%EndFont

%BeginFont
Handler:DirectoryHandler
FontType:Suitcase
FontName:TradeGothic-Bold
OutlineFileName:\TradeGothic.t1
ResourceID:13169
MacStyle:0
FileLength:122328
FileModTime:823669390
%EndFont

%BeginFont
Handler:DirectoryHandler
FontType:Suitcase
FontName:TradeGothic-BoldOblique
OutlineFileName:\TradeGothic.t1
ResourceID:13169
MacStyle:2
FileLength:122328
FileModTime:823669390
%EndFont

%BeginFont
Handler:DirectoryHandler
FontType:Suitcase
FontName:TradeGothic-Oblique
OutlineFileName:\TradeGothic.t1
ResourceID:13170
MacStyle:0
FileLength:122328
FileModTime:823669390
%EndFont

%BeginFont
Handler:DirectoryHandler
FontType:Suitcase
FontName:TradeGothic-BoldTwoOblique
OutlineFileName:\TradeGothic.t1
ResourceID:13170
MacStyle:1
FileLength:122328
FileModTime:823669390
%EndFont

%BeginFont
Handler:DirectoryHandler
FontType:Suitcase
FontName:TradeGothic
OutlineFileName:\TradeGothic.t1
ResourceID:13171
MacStyle:0
FileLength:122328
FileModTime:823669390
%EndFont

%BeginFont
Handler:DirectoryHandler
FontType:Suitcase
FontName:TradeGothic-BoldTwo
OutlineFileName:\TradeGothic.t1
ResourceID:13171
MacStyle:1
FileLength:122328
FileModTime:823669390
%EndFont

%BeginFont
Handler:DirectoryHandler
FontType:Suitcase
FontName:TradeGothic-Oblique
OutlineFileName:\TradeGothic.t1
ResourceID:13171
MacStyle:2
FileLength:122328
FileModTime:823669390
%EndFont

%BeginFont
Handler:DirectoryHandler
FontType:Suitcase
FontName:TradeGothic-BoldTwoOblique
OutlineFileName:\TradeGothic.t1
ResourceID:13171
MacStyle:3
FileLength:122328
FileModTime:823669390
%EndFont

%BeginFont
Handler:DirectoryHandler
FontType:Suitcase
FontName:TradeGothic-BoldOblique
OutlineFileName:\TradeGothic.t1
ResourceID:13168
MacStyle:0
FileLength:122328
FileModTime:823669390
%EndFont

%BeginFont
Handler:DirectoryHandler
FontType:Suitcase
FontName:TradeGothic-LightOblique
OutlineFileName:\TradeGothic.t1
ResourceID:13172
MacStyle:0
FileLength:122328
FileModTime:823669390
%EndFont

%BeginFont
Handler:DirectoryHandler
FontType:Suitcase
FontName:TradeGothic-BoldTwo
OutlineFileName:\TradeGothic.t1
ResourceID:13167
MacStyle:0
FileLength:122328
FileModTime:823669390
%EndFont

%BeginFont
Handler:DirectoryHandler
FontType:Suitcase
FontName:TradeGothic-BoldTwoOblique
OutlineFileName:\TradeGothic.t1
ResourceID:13167
MacStyle:2
FileLength:122328
FileModTime:823669390
%EndFont

%BeginFont
Handler:DirectoryHandler
FontType:Suitcase
FontName:TradeGothic-BoldTwoOblique
OutlineFileName:\TradeGothic.t1
ResourceID:13166
MacStyle:0
FileLength:122328
FileModTime:823669390
%EndFont

%BeginFont
Handler:DirectoryHandler
FontType:Suitcase
FontName:TradeGothic-Lgt
OutlineFileName:\TradeGothic.t1
ResourceID:10870
MacStyle:0
FileLength:122328
FileModTime:823669390
%EndFont

%BeginFont
Handler:DirectoryHandler
FontType:Suitcase
FontName:TradeGothic-Rgl
OutlineFileName:\TradeGothic.t1
ResourceID:10870
MacStyle:1
FileLength:122328
FileModTime:823669390
%EndFont

%BeginFont
Handler:DirectoryHandler
FontType:Suitcase
FontName:TradeGothic-LgtItl
OutlineFileName:\TradeGothic.t1
ResourceID:10870
MacStyle:2
FileLength:122328
FileModTime:823669390
%EndFont

%BeginFont
Handler:DirectoryHandler
FontType:Suitcase
FontName:TradeGothic-Itl
OutlineFileName:\TradeGothic.t1
ResourceID:10870
MacStyle:3
FileLength:122328
FileModTime:823669390
%EndFont

%BeginFont
Handler:DirectoryHandler
FontType:Suitcase
FontName:TradeGothic-Rgl
OutlineFileName:\TradeGothic.t1
ResourceID:10871
MacStyle:0
FileLength:122328
FileModTime:823669390
%EndFont

%BeginFont
Handler:DirectoryHandler
FontType:Suitcase
FontName:TradeGothic-Itl
OutlineFileName:\TradeGothic.t1
ResourceID:10871
MacStyle:2
FileLength:122328
FileModTime:823669390
%EndFont

%BeginFont
Handler:DirectoryHandler
FontType:Suitcase
FontName:TradeGothic-LgtItl
OutlineFileName:\TradeGothic.t1
ResourceID:10872
MacStyle:0
FileLength:122328
FileModTime:823669390
%EndFont

%BeginFont
Handler:DirectoryHandler
FontType:Suitcase
FontName:TradeGothic-Itl
OutlineFileName:\TradeGothic.t1
ResourceID:10872
MacStyle:1
FileLength:122328
FileModTime:823669390
%EndFont

%BeginFont
Handler:DirectoryHandler
FontType:Suitcase
FontName:TradeGothic-Itl
OutlineFileName:\TradeGothic.t1
ResourceID:10873
MacStyle:0
FileLength:122328
FileModTime:823669390
%EndFont

%BeginFont
Handler:DirectoryHandler
FontType:Suitcase
FontName:TradeGothic-CondEighteenObl
OutlineFileName:\TradeGothic.t1
ResourceID:13164
MacStyle:0
FileLength:122328
FileModTime:823669390
%EndFont

%BeginFont
Handler:DirectoryHandler
FontType:Suitcase
FontName:TradeGothic-BoldCondTwentyObl
OutlineFileName:\TradeGothic.t1
ResourceID:13164
MacStyle:1
FileLength:122328
FileModTime:823669390
%EndFont

%BeginFont
Handler:DirectoryHandler
FontType:Suitcase
FontName:TradeGothic-CondEighteen
OutlineFileName:\TradeGothic.t1
ResourceID:13165
MacStyle:0
FileLength:122328
FileModTime:823669390
%EndFont

%BeginFont
Handler:DirectoryHandler
FontType:Suitcase
FontName:TradeGothic-BoldCondTwenty
OutlineFileName:\TradeGothic.t1
ResourceID:13165
MacStyle:1
FileLength:122328
FileModTime:823669390
%EndFont

%BeginFont
Handler:DirectoryHandler
FontType:Suitcase
FontName:TradeGothic-CondEighteenObl
OutlineFileName:\TradeGothic.t1
ResourceID:13165
MacStyle:2
FileLength:122328
FileModTime:823669390
%EndFont

%BeginFont
Handler:DirectoryHandler
FontType:Suitcase
FontName:TradeGothic-BoldCondTwentyObl
OutlineFileName:\TradeGothic.t1
ResourceID:13165
MacStyle:3
FileLength:122328
FileModTime:823669390
%EndFont

%BeginFont
Handler:DirectoryHandler
FontType:Suitcase
FontName:TradeGothic-BoldCondTwentyObl
OutlineFileName:\TradeGothic.t1
ResourceID:13162
MacStyle:0
FileLength:122328
FileModTime:823669390
%EndFont

%BeginFont
Handler:DirectoryHandler
FontType:Suitcase
FontName:TradeGothic-BoldCondTwenty
OutlineFileName:\TradeGothic.t1
ResourceID:13163
MacStyle:0
FileLength:122328
FileModTime:823669390
%EndFont

%BeginFont
Handler:DirectoryHandler
FontType:Suitcase
FontName:TradeGothic-BoldCondTwentyObl
OutlineFileName:\TradeGothic.t1
ResourceID:13163
MacStyle:2
FileLength:122328
FileModTime:823669390
%EndFont

%BeginFont
Handler:DirectoryHandler
FontType:TrueType
FontName:ZapfDingbatsITC
FamilyName:Zapf Dingbats
StyleName:Regular
MenuName:Zapf Dingbats
StyleBits:0
WeightClass:400
WidthClass:5
AngleClass:0
FullName:Zapf Dingbats
WritingScript:Roman
OutlineFileName:\ZapfDingbats.ttf
DataFormat:sfntData
FileLength:154132
FileModTime:1353068784
NameArray:0,Mac,4,Zapf Dingbats
%EndFont

